[2026-03-20T08:31:25Z INFO  onelibrary_to_spotify_playlist] Loading tracks from example.xml
[2026-03-20T08:31:25Z INFO  onelibrary_to_spotify_playlist::onelibrary] Filtering tracks from date: 1970-01-01
[2026-03-20T08:31:25Z INFO  onelibrary_to_spotify_playlist::onelibrary] Parsed 114 tracks from XML
[2026-03-20T08:31:25Z INFO  onelibrary_to_spotify_playlist] Successfully loaded 114 tracks
[2026-03-20T08:31:25Z INFO  onelibrary_to_spotify_playlist] Authenticating with Spotify...
[2026-03-20T08:31:25Z INFO  rspotify::auth_code] Building auth URL
[2026-03-20T08:31:25Z INFO  rspotify::clients::oauth] Auth token cache read ignored (not configured)
[2026-03-20T08:31:25Z INFO  rspotify::clients::oauth] Opening brower with auth URL
Opened https://accounts.spotify.com/authorize?redirect_uri=http%3A%2F%2F127.0.0.1%3A8888%2Fcallback&client_id=6c30525dd07a4141a1e1ba4c883b7aca&scope=playlist-modify-private+playlist-read-private+user-library-read+playlist-modify-public&state=nExAM7ncF4UlymaB&response_type=code in your browser.
[2026-03-20T08:31:25Z INFO  rspotify::clients::oauth] OAuth server listening on 127.0.0.1:8888
[2026-03-20T08:31:25Z INFO  rspotify::clients::oauth] redirect_full_url http://127.0.0.1:8888/callback/callback?code=AQACNLk9aOrA50_o3ffuRyaRQz4zzlRjggXfUSviOYc4H3DHIX1J90b-fWLuqc2FMapTtWN5lNcQXWtTO7NMPukRKFagXu44TInvgD-FuCKcWEO7mbmDhl9MecE2Y56EZTwgMgzQJUvASCL42mVq1_BqEu7Bm8RfLTyrBY0FgjuaaiW5VYRa309fccncTvmB1C_nvAH7AFMAm3F3zxcGRFUVZui0t9sBawN-tGXllKvO_SgCcUPXY1rC_63NvjPYf3Q2Xvt4e2sNIlV88cxTyc88IjtFigtDMCg6myY&state=nExAM7ncF4UlymaB
[2026-03-20T08:31:25Z INFO  rspotify::auth_code] Requesting Auth Code token
[2026-03-20T08:31:25Z INFO  rspotify_http::reqwest] Making request RequestBuilder { method: POST, url: Url { scheme: "https", cannot_be_a_base: false, username: "", password: None, host: Some(Domain("accounts.spotify.com")), port: None, path: "/api/token", query: None, fragment: None }, headers: {"authorization": "Basic NmMzMDUyNWRkMDdhNDE0MWExZTFiYTRjODgzYjdhY2E6YzJjYmU1YmE5MjQ1NDBhY2FkYWQ1YjkwMmZhYmU4YjU=", "content-type": "application/x-www-form-urlencoded"} }
[2026-03-20T08:31:25Z INFO  rspotify::clients::base] Token cache write ignored (not configured)
[2026-03-20T08:31:25Z INFO  rspotify::clients::base] Token cache write ignored (not configured)
[2026-03-20T08:31:25Z INFO  rspotify_http::reqwest] Making request RequestBuilder { method: GET, url: Url { scheme: "https", cannot_be_a_base: false, username: "", password: None, host: Some(Domain("api.spotify.com")), port: None, path: "/v1/me/", query: None, fragment: None }, headers: {"authorization": "Bearer BQCZflHymP0fTSxhHeS5g-NyiSxUr--EIROCbH-NYU4-bfb_WH-N8r48qdj5tIRZhqhElkg0gZBgrVjUgERXFc_hH6Q26dUbpF1ZZtnr4cuNwgvNtN-2Ra02CMxpbHnS1EqPz_iWfItrdtnWzZC2Q_iNOujqKA31bENqSE6bz6ezJgo8Jj0MZsNK8XL9-HZ_RzIP_c_1QZ1e-YDvFWAxCJJK51eyumTKKZbkb27H0vt9XwaiN7kObqTq-bBWexOLCXb9l6xvqLLchyigRKBBiiLJWxSjttRbpq60g-ZItUd_vYmWBAkhOA"} }
[2026-03-20T08:31:25Z INFO  onelibrary_to_spotify_playlist] Authenticated as user: OnTheMike
[2026-03-20T08:31:25Z INFO  rspotify_http::reqwest] Making request RequestBuilder { method: GET, url: Url { scheme: "https", cannot_be_a_base: false, username: "", password: None, host: Some(Domain("api.spotify.com")), port: None, path: "/v1/users/onthemike/playlists", query: Some("offset=0&limit=50"), fragment: None }, headers: {"authorization": "Bearer BQCZflHymP0fTSxhHeS5g-NyiSxUr--EIROCbH-NYU4-bfb_WH-N8r48qdj5tIRZhqhElkg0gZBgrVjUgERXFc_hH6Q26dUbpF1ZZtnr4cuNwgvNtN-2Ra02CMxpbHnS1EqPz_iWfItrdtnWzZC2Q_iNOujqKA31bENqSE6bz6ezJgo8Jj0MZsNK8XL9-HZ_RzIP_c_1QZ1e-YDvFWAxCJJK51eyumTKKZbkb27H0vt9XwaiN7kObqTq-bBWexOLCXb9l6xvqLLchyigRKBBiiLJWxSjttRbpq60g-ZItUd_vYmWBAkhOA"} }
[2026-03-20T08:31:25Z INFO  onelibrary_to_spotify_playlist] Found existing playlist: DJ Selection (spotify:playlist:6HS3St4qrNuTQhnmet5JFr)
[2026-03-20T08:31:25Z INFO  onelibrary_to_spotify_playlist] Fetching all existing playlist items with pagination...
[2026-03-20T08:31:25Z INFO  rspotify_http::reqwest] Making request RequestBuilder { method: GET, url: Url { scheme: "https", cannot_be_a_base: false, username: "", password: None, host: Some(Domain("api.spotify.com")), port: None, path: "/v1/playlists/6HS3St4qrNuTQhnmet5JFr/tracks", query: Some("limit=50&market=from_token&offset=0"), fragment: None }, headers: {"authorization": "Bearer BQCZflHymP0fTSxhHeS5g-NyiSxUr--EIROCbH-NYU4-bfb_WH-N8r48qdj5tIRZhqhElkg0gZBgrVjUgERXFc_hH6Q26dUbpF1ZZtnr4cuNwgvNtN-2Ra02CMxpbHnS1EqPz_iWfItrdtnWzZC2Q_iNOujqKA31bENqSE6bz6ezJgo8Jj0MZsNK8XL9-HZ_RzIP_c_1QZ1e-YDvFWAxCJJK51eyumTKKZbkb27H0vt9XwaiN7kObqTq-bBWexOLCXb9l6xvqLLchyigRKBBiiLJWxSjttRbpq60g-ZItUd_vYmWBAkhOA"} }
[2026-03-20T08:31:26Z INFO  onelibrary_to_spotify_playlist] Fetched page with 50 items (offset: 0, total: 224)
[2026-03-20T08:31:26Z INFO  rspotify_http::reqwest] Making request RequestBuilder { method: GET, url: Url { scheme: "https", cannot_be_a_base: false, username: "", password: None, host: Some(Domain("api.spotify.com")), port: None, path: "/v1/playlists/6HS3St4qrNuTQhnmet5JFr/tracks", query: Some("limit=50&offset=50&market=from_token"), fragment: None }, headers: {"authorization": "Bearer BQCZflHymP0fTSxhHeS5g-NyiSxUr--EIROCbH-NYU4-bfb_WH-N8r48qdj5tIRZhqhElkg0gZBgrVjUgERXFc_hH6Q26dUbpF1ZZtnr4cuNwgvNtN-2Ra02CMxpbHnS1EqPz_iWfItrdtnWzZC2Q_iNOujqKA31bENqSE6bz6ezJgo8Jj0MZsNK8XL9-HZ_RzIP_c_1QZ1e-YDvFWAxCJJK51eyumTKKZbkb27H0vt9XwaiN7kObqTq-bBWexOLCXb9l6xvqLLchyigRKBBiiLJWxSjttRbpq60g-ZItUd_vYmWBAkhOA"} }
[2026-03-20T08:31:26Z INFO  onelibrary_to_spotify_playlist] Fetched page with 50 items (offset: 50, total: 224)
[2026-03-20T08:31:26Z INFO  rspotify_http::reqwest] Making request RequestBuilder { method: GET, url: Url { scheme: "https", cannot_be_a_base: false, username: "", password: None, host: Some(Domain("api.spotify.com")), port: None, path: "/v1/playlists/6HS3St4qrNuTQhnmet5JFr/tracks", query: Some("offset=100&market=from_token&limit=50"), fragment: None }, headers: {"authorization": "Bearer BQCZflHymP0fTSxhHeS5g-NyiSxUr--EIROCbH-NYU4-bfb_WH-N8r48qdj5tIRZhqhElkg0gZBgrVjUgERXFc_hH6Q26dUbpF1ZZtnr4cuNwgvNtN-2Ra02CMxpbHnS1EqPz_iWfItrdtnWzZC2Q_iNOujqKA31bENqSE6bz6ezJgo8Jj0MZsNK8XL9-HZ_RzIP_c_1QZ1e-YDvFWAxCJJK51eyumTKKZbkb27H0vt9XwaiN7kObqTq-bBWexOLCXb9l6xvqLLchyigRKBBiiLJWxSjttRbpq60g-ZItUd_vYmWBAkhOA"} }
[2026-03-20T08:31:26Z INFO  onelibrary_to_spotify_playlist] Fetched page with 50 items (offset: 100, total: 224)
[2026-03-20T08:31:26Z INFO  rspotify_http::reqwest] Making request RequestBuilder { method: GET, url: Url { scheme: "https", cannot_be_a_base: false, username: "", password: None, host: Some(Domain("api.spotify.com")), port: None, path: "/v1/playlists/6HS3St4qrNuTQhnmet5JFr/tracks", query: Some("market=from_token&limit=50&offset=150"), fragment: None }, headers: {"authorization": "Bearer BQCZflHymP0fTSxhHeS5g-NyiSxUr--EIROCbH-NYU4-bfb_WH-N8r48qdj5tIRZhqhElkg0gZBgrVjUgERXFc_hH6Q26dUbpF1ZZtnr4cuNwgvNtN-2Ra02CMxpbHnS1EqPz_iWfItrdtnWzZC2Q_iNOujqKA31bENqSE6bz6ezJgo8Jj0MZsNK8XL9-HZ_RzIP_c_1QZ1e-YDvFWAxCJJK51eyumTKKZbkb27H0vt9XwaiN7kObqTq-bBWexOLCXb9l6xvqLLchyigRKBBiiLJWxSjttRbpq60g-ZItUd_vYmWBAkhOA"} }
[2026-03-20T08:31:26Z INFO  onelibrary_to_spotify_playlist] Fetched page with 50 items (offset: 150, total: 224)
[2026-03-20T08:31:26Z INFO  rspotify_http::reqwest] Making request RequestBuilder { method: GET, url: Url { scheme: "https", cannot_be_a_base: false, username: "", password: None, host: Some(Domain("api.spotify.com")), port: None, path: "/v1/playlists/6HS3St4qrNuTQhnmet5JFr/tracks", query: Some("offset=200&market=from_token&limit=50"), fragment: None }, headers: {"authorization": "Bearer BQCZflHymP0fTSxhHeS5g-NyiSxUr--EIROCbH-NYU4-bfb_WH-N8r48qdj5tIRZhqhElkg0gZBgrVjUgERXFc_hH6Q26dUbpF1ZZtnr4cuNwgvNtN-2Ra02CMxpbHnS1EqPz_iWfItrdtnWzZC2Q_iNOujqKA31bENqSE6bz6ezJgo8Jj0MZsNK8XL9-HZ_RzIP_c_1QZ1e-YDvFWAxCJJK51eyumTKKZbkb27H0vt9XwaiN7kObqTq-bBWexOLCXb9l6xvqLLchyigRKBBiiLJWxSjttRbpq60g-ZItUd_vYmWBAkhOA"} }
[2026-03-20T08:31:26Z INFO  onelibrary_to_spotify_playlist] Fetched page with 24 items (offset: 200, total: 224)
[2026-03-20T08:31:26Z INFO  onelibrary_to_spotify_playlist] Finished fetching all 115 playlist items
[2026-03-20T08:31:26Z INFO  onelibrary_to_spotify_playlist] Playlist has 224 total items
[2026-03-20T08:31:26Z INFO  onelibrary_to_spotify_playlist] Track 4hEqcQYYT5SonZhhdJ2EJN is NEW - will be added
[2026-03-20T08:31:26Z INFO  onelibrary_to_spotify_playlist] Track 1ExjoMeJQxAYtHFke6eW31 is NEW - will be added
[2026-03-20T08:31:26Z INFO  onelibrary_to_spotify_playlist] Track 5ZduaRci3iNUiDfJbBfAaf is NEW - will be added
[2026-03-20T08:31:26Z INFO  onelibrary_to_spotify_playlist] Found 3 new tracks to add (skipped 111 duplicates/invalid)
[2026-03-20T08:31:26Z INFO  onelibrary_to_spotify_playlist] Existing playlist contains 115 track IDs
[2026-03-20T08:31:26Z INFO  rspotify_http::reqwest] Making request RequestBuilder { method: POST, url: Url { scheme: "https", cannot_be_a_base: false, username: "", password: None, host: Some(Domain("api.spotify.com")), port: None, path: "/v1/playlists/6HS3St4qrNuTQhnmet5JFr/tracks", query: None, fragment: None }, headers: {"authorization": "Bearer BQCZflHymP0fTSxhHeS5g-NyiSxUr--EIROCbH-NYU4-bfb_WH-N8r48qdj5tIRZhqhElkg0gZBgrVjUgERXFc_hH6Q26dUbpF1ZZtnr4cuNwgvNtN-2Ra02CMxpbHnS1EqPz_iWfItrdtnWzZC2Q_iNOujqKA31bENqSE6bz6ezJgo8Jj0MZsNK8XL9-HZ_RzIP_c_1QZ1e-YDvFWAxCJJK51eyumTKKZbkb27H0vt9XwaiN7kObqTq-bBWexOLCXb9l6xvqLLchyigRKBBiiLJWxSjttRbpq60g-ZItUd_vYmWBAkhOA", "content-type": "application/json"} }
[2026-03-20T08:31:26Z INFO  onelibrary_to_spotify_playlist] Successfully added 3 new tracks!
[2026-03-20T08:31:26Z INFO  onelibrary_to_spotify_playlist] Successfully completed!
